[    0.000000] Linux version 4.15.0-74-generic (buildd@lcy01-amd64-022) (gcc version 7.4.0 (Ubuntu 7.4.0-1ubuntu1~18.04.1)) #84-Ubuntu SMP Thu Dec 19 08:06:28 UTC 2019 (Ubuntu 4.15.0-74.84-generic 4.15.18)
[    0.000000] Command line: BOOT_IMAGE=/boot/vmlinuz-4.15.0-74-generic root=UUID=d9676a7a-8f10-4829-ac4a-1db02afdacf3 ro console=tty1 console=ttyS0
[    0.000000] KERNEL supported cpus:
[    0.000000]   Intel GenuineIntel
[    0.000000]   AMD AuthenticAMD
[    0.000000]   Centaur CentaurHauls
[    0.000000] x86/fpu: Supporting XSAVE feature 0x001: 'x87 floating point registers'
[    0.000000] x86/fpu: Supporting XSAVE feature 0x002: 'SSE registers'
[    0.000000] x86/fpu: Supporting XSAVE feature 0x004: 'AVX registers'
[    0.000000] x86/fpu: xstate_offset[2]:  576, xstate_sizes[2]:  256
[    0.000000] x86/fpu: Enabled xstate features 0x7, context size is 832 bytes, using 'standard' format.
[    0.000000] e820: BIOS-provided physical RAM map:
[    0.000000] BIOS-e820: [mem 0x0000000000000000-0x000000000009fbff] usable
[    0.000000] BIOS-e820: [mem 0x000000000009fc00-0x000000000009ffff] reserved
[    0.000000] BIOS-e820: [mem 0x00000000000f0000-0x00000000000fffff] reserved
[    0.000000] BIOS-e820: [mem 0x0000000000100000-0x00000000dffeffff] usable
[    0.000000] BIOS-e820: [mem 0x00000000dfff0000-0x00000000dfffffff] ACPI data
[    0.000000] BIOS-e820: [mem 0x00000000fec00000-0x00000000fec00fff] reserved
[    0.000000] BIOS-e820: [mem 0x00000000fee00000-0x00000000fee00fff] reserved
[    0.000000] BIOS-e820: [mem 0x00000000fffc0000-0x00000000ffffffff] reserved
[    0.000000] BIOS-e820: [mem 0x0000000100000000-0x000000011fffffff] usable
[    0.000000] NX (Execute Disable) protection: active
[    0.000000] SMBIOS 2.5 present.
[    0.000000] DMI: innotek GmbH VirtualBox/VirtualBox, BIOS VirtualBox 12/01/2006
[    0.000000] Hypervisor detected: KVM
[    0.000000] e820: last_pfn = 0x120000 max_arch_pfn = 0x400000000
[    0.000000] MTRR: Disabled
[    0.000000] x86/PAT: MTRRs disabled, skipping PAT initialization too.
[    0.000000] CPU MTRRs all blank - virtualized system.
[    0.000000] x86/PAT: Configuration [0-7]: WB  WT  UC- UC  WB  WT  UC- UC  
[    0.000000] e820: last_pfn = 0xdfff0 max_arch_pfn = 0x400000000
[    0.000000] found SMP MP-table at [mem 0x0009fff0-0x0009ffff]
[    0.000000] Scanning 1 areas for low memory corruption
[    0.000000] RAMDISK: [mem 0x3595d000-0x36ca5fff]
[    0.000000] ACPI: Early table checksum verification disabled
[    0.000000] ACPI: RSDP 0x00000000000E0000 000024 (v02 VBOX  )
[    0.000000] ACPI: XSDT 0x00000000DFFF0030 00003C (v01 VBOX   VBOXXSDT 00000001 ASL  00000061)
[    0.000000] ACPI: FACP 0x00000000DFFF00F0 0000F4 (v04 VBOX   VBOXFACP 00000001 ASL  00000061)
[    0.000000] ACPI: DSDT 0x00000000DFFF0480 002325 (v02 VBOX   VBOXBIOS 00000002 INTL 20120111)
[    0.000000] ACPI: FACS 0x00000000DFFF0200 000040
[    0.000000] ACPI: FACS 0x00000000DFFF0200 000040
[    0.000000] ACPI: APIC 0x00000000DFFF0240 00006C (v02 VBOX   VBOXAPIC 00000001 ASL  00000061)
[    0.000000] ACPI: SSDT 0x00000000DFFF02B0 0001CC (v01 VBOX   VBOXCPUT 00000002 INTL 20120111)
[    0.000000] No NUMA configuration found
[    0.000000] Faking a node at [mem 0x0000000000000000-0x000000011fffffff]
[    0.000000] NODE_DATA(0) allocated [mem 0x11ffd1000-0x11fffbfff]
[    0.000000] kvm-clock: cpu 0, msr 1:1ff50001, primary cpu clock
[    0.000000] kvm-clock: Using msrs 4b564d01 and 4b564d00
[    0.000000] kvm-clock: using sched offset of 6797551710 cycles
[    0.000000] clocksource: kvm-clock: mask: 0xffffffffffffffff max_cycles: 0x1cd42e4dffb, max_idle_ns: 881590591483 ns
[    0.000000] Zone ranges:
[    0.000000]   DMA      [mem 0x0000000000001000-0x0000000000ffffff]
[    0.000000]   DMA32    [mem 0x0000000001000000-0x00000000ffffffff]
[    0.000000]   Normal   [mem 0x0000000100000000-0x000000011fffffff]
[    0.000000]   Device   empty
[    0.000000] Movable zone start for each node
[    0.000000] Early memory node ranges
[    0.000000]   node   0: [mem 0x0000000000001000-0x000000000009efff]
[    0.000000]   node   0: [mem 0x0000000000100000-0x00000000dffeffff]
[    0.000000]   node   0: [mem 0x0000000100000000-0x000000011fffffff]
[    0.000000] Reserved but unavailable: 98 pages
[    0.000000] Initmem setup node 0 [mem 0x0000000000001000-0x000000011fffffff]
[    0.000000] ACPI: PM-Timer IO Port: 0x4008
[    0.000000] IOAPIC[0]: apic_id 4, version 32, address 0xfec00000, GSI 0-23
[    0.000000] ACPI: INT_SRC_OVR (bus 0 bus_irq 0 global_irq 2 dfl dfl)
[    0.000000] ACPI: INT_SRC_OVR (bus 0 bus_irq 9 global_irq 9 low level)
[    0.000000] Using ACPI (MADT) for SMP configuration information
[    0.000000] smpboot: Allowing 4 CPUs, 0 hotplug CPUs
[    0.000000] PM: Registered nosave memory: [mem 0x00000000-0x00000fff]
[    0.000000] PM: Registered nosave memory: [mem 0x0009f000-0x0009ffff]
[    0.000000] PM: Registered nosave memory: [mem 0x000a0000-0x000effff]
[    0.000000] PM: Registered nosave memory: [mem 0x000f0000-0x000fffff]
[    0.000000] PM: Registered nosave memory: [mem 0xdfff0000-0xdfffffff]
[    0.000000] PM: Registered nosave memory: [mem 0xe0000000-0xfebfffff]
[    0.000000] PM: Registered nosave memory: [mem 0xfec00000-0xfec00fff]
[    0.000000] PM: Registered nosave memory: [mem 0xfec01000-0xfedfffff]
[    0.000000] PM: Registered nosave memory: [mem 0xfee00000-0xfee00fff]
[    0.000000] PM: Registered nosave memory: [mem 0xfee01000-0xfffbffff]
[    0.000000] PM: Registered nosave memory: [mem 0xfffc0000-0xffffffff]
[    0.000000] e820: [mem 0xe0000000-0xfebfffff] available for PCI devices
[    0.000000] Booting paravirtualized kernel on KVM
[    0.000000] clocksource: refined-jiffies: mask: 0xffffffff max_cycles: 0xffffffff, max_idle_ns: 7645519600211568 ns
[    0.000000] random: get_random_bytes called from start_kernel+0x99/0x4fd with crng_init=0
[    0.000000] setup_percpu: NR_CPUS:8192 nr_cpumask_bits:4 nr_cpu_ids:4 nr_node_ids:1
[    0.000000] percpu: Embedded 45 pages/cpu s147456 r8192 d28672 u524288
[    0.000000] PV qspinlock hash table entries: 256 (order: 0, 4096 bytes)
[    0.000000] Built 1 zonelists, mobility grouping on.  Total pages: 1032057
[    0.000000] Policy zone: Normal
[    0.000000] Kernel command line: BOOT_IMAGE=/boot/vmlinuz-4.15.0-74-generic root=UUID=d9676a7a-8f10-4829-ac4a-1db02afdacf3 ro console=tty1 console=ttyS0
[    0.000000] Memory: 4012780K/4193848K available (12300K kernel code, 2481K rwdata, 4260K rodata, 2428K init, 2704K bss, 181068K reserved, 0K cma-reserved)
[    0.000000] SLUB: HWalign=64, Order=0-3, MinObjects=0, CPUs=4, Nodes=1
[    0.000000] Kernel/User page tables isolation: enabled
[    0.000000] ftrace: allocating 39322 entries in 154 pages
[    0.004000] Hierarchical RCU implementation.
[    0.004000] 	RCU restricting CPUs from NR_CPUS=8192 to nr_cpu_ids=4.
[    0.004000] 	Tasks RCU enabled.
[    0.004000] RCU: Adjusting geometry for rcu_fanout_leaf=16, nr_cpu_ids=4
[    0.004000] NR_IRQS: 524544, nr_irqs: 456, preallocated irqs: 16
[    0.004000] Console: colour VGA+ 80x25
[    0.004000] console [tty1] enabled
[    0.004000] console [ttyS0] enabled
[    0.004000] ACPI: Core revision 20170831
[    0.004000] ACPI: 2 ACPI AML tables successfully acquired and loaded
[    0.004000] APIC: Switch to symmetric I/O mode setup
[    0.004268] x2apic enabled
[    0.008008] Switched APIC routing to physical x2apic.
[    0.010937] ..TIMER: vector=0x30 apic1=0 pin1=2 apic2=-1 pin2=-1
[    0.012009] tsc: Detected 1799.999 MHz processor
[    0.013965] Calibrating delay loop (skipped) preset value.. 3599.99 BogoMIPS (lpj=7199996)
[    0.016008] pid_max: default: 32768 minimum: 301
[    0.020056] Security Framework initialized
[    0.021841] Yama: becoming mindful.
[    0.024039] AppArmor: AppArmor initialized
[    0.028198] Dentry cache hash table entries: 524288 (order: 10, 4194304 bytes)
[    0.033926] Inode-cache hash table entries: 262144 (order: 9, 2097152 bytes)
[    0.036039] Mount-cache hash table entries: 8192 (order: 4, 65536 bytes)
[    0.040022] Mountpoint-cache hash table entries: 8192 (order: 4, 65536 bytes)
[    0.044315] Last level iTLB entries: 4KB 64, 2MB 8, 4MB 8
[    0.046028] Last level dTLB entries: 4KB 64, 2MB 0, 4MB 0, 1GB 4
[    0.048007] Spectre V1 : Mitigation: usercopy/swapgs barriers and __user pointer sanitization
[    0.052005] Spectre V2 : Mitigation: Full generic retpoline
[    0.056002] Spectre V2 : Spectre v2 / SpectreRSB mitigation: Filling RSB on context switch
[    0.059113] Speculative Store Bypass: Vulnerable
[    0.064535] MDS: Mitigation: Clear CPU buffers
[    0.068162] Freeing SMP alternatives memory: 36K
[    0.187674] smpboot: CPU0: Intel(R) Core(TM) i5-5350U CPU @ 1.80GHz (family: 0x6, model: 0x3d, stepping: 0x4)
[    0.188000] Performance Events: unsupported p6 CPU model 61 no PMU driver, software events only.
[    0.188066] Hierarchical SRCU implementation.
[    0.190142] NMI watchdog: Perf event create on CPU 0 failed with -2
[    0.192004] NMI watchdog: Perf NMI watchdog permanently disabled
[    0.196174] smp: Bringing up secondary CPUs ...
[    0.200561] x86: Booting SMP configuration:
[    0.204009] .... node  #0, CPUs:      #1
[    0.004000] kvm-clock: cpu 1, msr 1:1ff50041, secondary cpu clock
[    0.216114]  #2
[    0.004000] kvm-clock: cpu 2, msr 1:1ff50081, secondary cpu clock
[    0.220145]  #3
[    0.004000] kvm-clock: cpu 3, msr 1:1ff500c1, secondary cpu clock
[    0.226776] smp: Brought up 1 node, 4 CPUs
[    0.228007] smpboot: Max logical packages: 1
[    0.232004] smpboot: Total of 4 processors activated (14399.99 BogoMIPS)
[    0.236064] devtmpfs: initialized
[    0.237252] x86/mm: Memory block size: 128MB
[    0.239053] evm: security.selinux
[    0.239984] evm: security.SMACK64
[    0.240007] evm: security.SMACK64EXEC
[    0.241676] evm: security.SMACK64TRANSMUTE
[    0.244006] evm: security.SMACK64MMAP
[    0.245562] evm: security.apparmor
[    0.246861] evm: security.ima
[    0.248003] evm: security.capability
[    0.249159] clocksource: jiffies: mask: 0xffffffff max_cycles: 0xffffffff, max_idle_ns: 7645041785100000 ns
[    0.252031] futex hash table entries: 1024 (order: 4, 65536 bytes)
[    0.254544] pinctrl core: initialized pinctrl subsystem
[    0.256125] RTC time: 15:52:31, date: 06/16/21
[    0.260990] NET: Registered protocol family 16
[    0.262778] audit: initializing netlink subsys (disabled)
[    0.264068] audit: type=2000 audit(1623858760.228:1): state=initialized audit_enabled=0 res=1
[    0.272007] cpuidle: using governor ladder
[    0.273628] cpuidle: using governor menu
[    0.273628] ACPI: bus type PCI registered
[    0.273628] acpiphp: ACPI Hot Plug PCI Controller Driver version: 0.5
[    0.275235] PCI: Using configuration type 1 for base access
[    0.288263] HugeTLB registered 2.00 MiB page size, pre-allocated 0 pages
[    0.292321] ACPI: Added _OSI(Module Device)
[    0.296004] ACPI: Added _OSI(Processor Device)
[    0.296004] ACPI: Added _OSI(3.0 _SCP Extensions)
[    0.300061] ACPI: Added _OSI(Processor Aggregator Device)
[    0.304024] ACPI: Added _OSI(Linux-Dell-Video)
[    0.305978] ACPI: Added _OSI(Linux-Lenovo-NV-HDMI-Audio)
[    0.308004] ACPI: Added _OSI(Linux-HPI-Hybrid-Graphics)
[    0.308947] ACPI: Executed 1 blocks of module-level executable AML code
[    0.318422] ACPI: Interpreter enabled
[    0.320025] ACPI: (supports S0 S5)
[    0.321427] ACPI: Using IOAPIC for interrupt routing
[    0.323868] PCI: Using host bridge windows from ACPI; if necessary, use "pci=nocrs" and report a bug
[    0.328325] ACPI: Enabled 2 GPEs in block 00 to 07
[    0.344000] ACPI: PCI Root Bridge [PCI0] (domain 0000 [bus 00-ff])
[    0.348025] acpi PNP0A03:00: _OSC: OS supports [ASPM ClockPM Segments MSI]
[    0.352021] acpi PNP0A03:00: _OSC: not requesting OS control; OS requires [ExtendedConfig ASPM ClockPM MSI]
[    0.356021] acpi PNP0A03:00: fail to add MMCONFIG information, can't access extended PCI configuration space under this bridge.
[    0.360761] PCI host bridge to bus 0000:00
[    0.363154] pci_bus 0000:00: root bus resource [io  0x0000-0x0cf7 window]
[    0.368011] pci_bus 0000:00: root bus resource [io  0x0d00-0xffff window]
[    0.370441] pci_bus 0000:00: root bus resource [mem 0x000a0000-0x000bffff window]
[    0.372007] pci_bus 0000:00: root bus resource [mem 0xe0000000-0xfdffffff window]
[    0.374109] pci_bus 0000:00: root bus resource [bus 00-ff]
[    0.383244] pci 0000:00:01.1: legacy IDE quirk: reg 0x10: [io  0x01f0-0x01f7]
[    0.388049] pci 0000:00:01.1: legacy IDE quirk: reg 0x14: [io  0x03f6]
[    0.392018] pci 0000:00:01.1: legacy IDE quirk: reg 0x18: [io  0x0170-0x0177]
[    0.396004] pci 0000:00:01.1: legacy IDE quirk: reg 0x1c: [io  0x0376]
[    0.490323] pci 0000:00:07.0: quirk: [io  0x4000-0x403f] claimed by PIIX4 ACPI
[    0.491133] pci 0000:00:07.0: quirk: [io  0x4100-0x410f] claimed by PIIX4 SMB
[    0.522493] ACPI: PCI Interrupt Link [LNKA] (IRQs 5 9 10 *11)
[    0.524441] ACPI: PCI Interrupt Link [LNKB] (IRQs 5 9 *10 11)
[    0.532246] ACPI: PCI Interrupt Link [LNKC] (IRQs 5 *9 10 11)
[    0.532246] ACPI: PCI Interrupt Link [LNKD] (IRQs 5 9 10 *11)
[    0.536006] SCSI subsystem initialized
[    0.536165] pci 0000:00:02.0: vgaarb: setting as boot VGA device
[    0.537989] pci 0000:00:02.0: vgaarb: VGA device added: decodes=io+mem,owns=io+mem,locks=none
[    0.544008] pci 0000:00:02.0: vgaarb: bridge control possible
[    0.548007] vgaarb: loaded
[    0.548058] ACPI: bus type USB registered
[    0.549456] usbcore: registered new interface driver usbfs
[    0.551469] usbcore: registered new interface driver hub
[    0.556056] usbcore: registered new device driver usb
[    0.557902] EDAC MC: Ver: 3.0.0
[    0.560062] PCI: Using ACPI for IRQ routing
[    0.562516] NetLabel: Initializing
[    0.564014] NetLabel:  domain hash size = 128
[    0.565504] NetLabel:  protocols = UNLABELED CIPSOv4 CALIPSO
[    0.567306] NetLabel:  unlabeled traffic allowed by default
[    0.572158] clocksource: Switched to clocksource kvm-clock
[    0.599545] VFS: Disk quotas dquot_6.6.0
[    0.601506] VFS: Dquot-cache hash table entries: 512 (order 0, 4096 bytes)
[    0.604749] AppArmor: AppArmor Filesystem Enabled
[    0.606483] pnp: PnP ACPI init
[    0.609319] pnp: PnP ACPI: found 3 devices
[    0.628544] clocksource: acpi_pm: mask: 0xffffff max_cycles: 0xffffff, max_idle_ns: 2085701024 ns
[    0.633532] NET: Registered protocol family 2
[    0.635248] TCP established hash table entries: 32768 (order: 6, 262144 bytes)
[    0.637878] TCP bind hash table entries: 32768 (order: 7, 524288 bytes)
[    0.641509] TCP: Hash tables configured (established 32768 bind 32768)
[    0.643322] UDP hash table entries: 2048 (order: 4, 65536 bytes)
[    0.648982] UDP-Lite hash table entries: 2048 (order: 4, 65536 bytes)
[    0.651217] NET: Registered protocol family 1
[    0.652909] pci 0000:00:00.0: Limiting direct PCI/PCI transfers
[    0.654804] pci 0000:00:01.0: Activating ISA DMA hang workarounds
[    0.656582] pci 0000:00:02.0: Video device with shadowed ROM at [mem 0x000c0000-0x000dffff]
[    0.659289] Unpacking initramfs...
[    1.127054] Freeing initrd memory: 19748K
[    1.132702] PCI-DMA: Using software bounce buffering for IO (SWIOTLB)
[    1.136097] software IO TLB: mapped [mem 0xdbff0000-0xdfff0000] (64MB)
[    1.138614] clocksource: tsc: mask: 0xffffffffffffffff max_cycles: 0x19f228ab7a2, max_idle_ns: 440795289252 ns
[    1.141589] platform rtc_cmos: registered platform RTC device (no PNP device found)
[    1.143680] Scanning for low memory corruption every 60 seconds
[    1.150175] Initialise system trusted keyrings
[    1.151481] Key type blacklist registered
[    1.153216] workingset: timestamp_bits=36 max_order=20 bucket_order=0
[    1.156590] zbud: loaded
[    1.157994] squashfs: version 4.0 (2009/01/31) Phillip Lougher
[    1.159930] fuse init (API version 7.26)
[    1.172605] Key type asymmetric registered
[    1.173865] Asymmetric key parser 'x509' registered
[    1.175217] Block layer SCSI generic (bsg) driver version 0.4 loaded (major 246)
[    1.177618] io scheduler noop registered
[    1.179477] io scheduler deadline registered
[    1.186525] io scheduler cfq registered (default)
[    1.189264] ACPI: AC Adapter [AC] (off-line)
[    1.190731] input: Power Button as /devices/LNXSYSTM:00/LNXPWRBN:00/input/input0
[    1.193186] ACPI: Power Button [PWRF]
[    1.195022] input: Sleep Button as /devices/LNXSYSTM:00/LNXSLPBN:00/input/input1
[    1.199565] ACPI: Sleep Button [SLPF]
[    1.201679] Serial: 8250/16550 driver, 32 ports, IRQ sharing enabled
[    1.203960] ACPI: Battery Slot [BAT0] (battery present)
[    1.226558] 00:02: ttyS0 at I/O 0x3f8 (irq = 4, base_baud = 115200) is a 16550A
[    1.239952] Linux agpgart interface v0.103
[    1.243708] loop: module loaded
[    1.245820] scsi host0: ata_piix
[    1.250101] scsi host1: ata_piix
[    1.251473] ata1: PATA max UDMA/33 cmd 0x1f0 ctl 0x3f6 bmdma 0xd000 irq 14
[    1.254964] ata2: PATA max UDMA/33 cmd 0x170 ctl 0x376 bmdma 0xd008 irq 15
[    1.258302] libphy: Fixed MDIO Bus: probed
[    1.259647] tun: Universal TUN/TAP device driver, 1.6
[    1.262463] PPP generic driver version 2.4.2
[    1.267488] ehci_hcd: USB 2.0 'Enhanced' Host Controller (EHCI) Driver
[    1.269886] ehci-pci: EHCI PCI platform driver
[    1.271380] ehci-platform: EHCI generic platform driver
[    1.272843] ohci_hcd: USB 1.1 'Open' Host Controller (OHCI) Driver
[    1.274473] ohci-pci: OHCI PCI platform driver
[    1.275680] ohci-platform: OHCI generic platform driver
[    1.280331] uhci_hcd: USB Universal Host Controller Interface driver
[    1.287287] i8042: PNP: PS/2 Controller [PNP0303:PS2K,PNP0f03:PS2M] at 0x60,0x64 irq 1,12
[    1.290740] serio: i8042 KBD port at 0x60,0x64 irq 1
[    1.292486] serio: i8042 AUX port at 0x60,0x64 irq 12
[    1.294415] mousedev: PS/2 mouse device common for all mice
[    1.300514] rtc_cmos rtc_cmos: rtc core: registered rtc_cmos as rtc0
[    1.303003] input: AT Translated Set 2 keyboard as /devices/platform/i8042/serio0/input/input2
[    1.304214] rtc_cmos rtc_cmos: alarms up to one day, 114 bytes nvram
[    1.307608] i2c /dev entries driver
[    1.308928] device-mapper: uevent: version 1.0.3
[    1.310717] device-mapper: ioctl: 4.37.0-ioctl (2017-09-20) initialised: dm-devel@redhat.com
[    1.317307] ledtrig-cpu: registered to indicate activity on CPUs
[    1.320347] NET: Registered protocol family 10
[    1.332552] Segment Routing with IPv6
[    1.333937] NET: Registered protocol family 17
[    1.335584] Key type dns_resolver registered
[    1.337810] mce: Using 0 MCE banks
[    1.339052] RAS: Correctable Errors collector initialized.
[    1.340662] sched_clock: Marking stable (1340638562, 0)->(2035540848, -694902286)
[    1.344258] registered taskstats version 1
[    1.349246] Loading compiled-in X.509 certificates
[    1.353969] Loaded X.509 cert 'Build time autogenerated kernel key: 62d24f9c726e026b112735485dad6e6e4b50c923'
[    1.357224] zswap: loaded using pool lzo/zbud
[    1.366877] Key type big_key registered
[    1.368419] Key type trusted registered
[    1.372591] Key type encrypted registered
[    1.373877] AppArmor: AppArmor sha1 policy hashing enabled
[    1.375692] ima: No TPM chip found, activating TPM-bypass! (rc=-19)
[    1.377680] ima: Allocated hash algorithm: sha1
[    1.382698] evm: HMAC attrs: 0x1
[    1.384315]   Magic number: 9:133:892
[    1.385696] rtc_cmos rtc_cmos: setting system clock to 2021-06-16 15:52:32 UTC (1623858752)
[    1.388678] BIOS EDD facility v0.16 2004-Jun-25, 0 devices found
[    1.390416] EDD information not available.
[    1.444301] Freeing unused kernel image memory: 2428K
[    1.456529] Write protecting the kernel read-only data: 20480k
[    1.459828] Freeing unused kernel image memory: 2008K
[    1.465992] Freeing unused kernel image memory: 1884K
[    1.474465] x86/mm: Checked W+X mappings: passed, no W+X pages found.
[    1.476550] x86/mm: Checking user space page tables
[    1.486828] x86/mm: Checked W+X mappings: passed, no W+X pages found.
Loading, please wait...
starting version 237
[    1.607460] e1000: Intel(R) PRO/1000 Network Driver - version 7.3.21-k8-NAPI
[    1.610930] e1000: Copyright (c) 1999-2006 Intel Corporation.
[    1.641359] Fusion MPT base driver 3.04.20
[    1.643180] Copyright (c) 1999-2008 LSI Corporation
[    1.666888] Fusion MPT SPI Host driver 3.04.20
[    1.692439] AVX2 version of gcm_enc/dec engaged.
[    1.707727] AES CTR mode by8 optimization enabled
[    1.740625] vboxvideo: loading out-of-tree module taints kernel.
[    1.743268] vboxvideo: module verification failed: signature and/or required key missing - tainting kernel
[    1.855312] input: ImExPS/2 Generic Explorer Mouse as /devices/platform/i8042/serio1/input/input4
[    2.500560] e1000 0000:00:03.0 eth0: (PCI:33MHz:32-bit) 02:6d:68:ec:b8:1e
[    2.502799] e1000 0000:00:03.0 eth0: Intel(R) PRO/1000 Network Connection
[    2.506854] mptbase: ioc0: Initiating bringup
[    2.508014] e1000 0000:00:03.0 enp0s3: renamed from eth0
[    2.616502] ioc0: LSI53C1030 A0: Capabilities={Initiator}
[    2.868070] scsi host2: ioc0: LSI53C1030 A0, FwRev=00000000h, Ports=1, MaxQ=256, IRQ=20
[    3.037094] scsi 2:0:0:0: Direct-Access     VBOX     HARDDISK         1.0  PQ: 0 ANSI: 5
[    3.041171] [drm] VRAM 01000000
[    3.042529] [TTM] Zone  kernel: Available graphics memory: 2019442 kiB
[    3.045359] [TTM] Initializing pool allocator
[    3.049270] [TTM] Initializing DMA pool allocator
[    3.052917] fbcon: vboxdrmfb (fb0) is primary device
[    3.055073] Console: switching to colour frame buffer device 100x37
[    3.058974] vboxvideo 0000:00:02.0: fb0: vboxdrmfb frame buffer device
[    3.084521] scsi target2:0:0: Beginning Domain Validation
[    3.086826] [drm] Initialized vboxvideo 1.0.0 20130823 for 0000:00:02.0 on minor 0
[    3.093285] scsi target2:0:0: Domain Validation skipping write tests
[    3.098138] scsi target2:0:0: Ending Domain Validation
[    3.099834] scsi target2:0:0: asynchronous
[    3.102824] scsi 2:0:1:0: Direct-Access     VBOX     HARDDISK         1.0  PQ: 0 ANSI: 5
[    3.144366] scsi target2:0:1: Beginning Domain Validation
[    3.151997] random: fast init done
[    3.155962] scsi target2:0:1: Domain Validation skipping write tests
[    3.157977] scsi target2:0:1: Ending Domain Validation
[    3.159697] scsi target2:0:1: asynchronous
[    3.171688] random: systemd-udevd: uninitialized urandom read (16 bytes read)
[    3.173742] random: systemd-udevd: uninitialized urandom read (16 bytes read)
[    3.174228] sd 2:0:0:0: [sda] 20971520 512-byte logical blocks: (10.7 GB/10.0 GiB)
[    3.175753] random: systemd-udevd: uninitialized urandom read (16 bytes read)
[    3.182354] sd 2:0:0:0: Attached scsi generic sg0 type 0
[    3.188554] sd 2:0:0:0: [sda] Write Protect is off
[    3.190097] sd 2:0:0:0: [sda] Incomplete mode parameter data
[    3.191613] sd 2:0:0:0: [sda] Assuming drive cache: write through
[    3.194322] sd 2:0:1:0: [sdb] 20480 512-byte logical blocks: (10.5 MB/10.0 MiB)
[    3.194514] sd 2:0:1:0: Attached scsi generic sg1 type 0
[    3.202705] sd 2:0:1:0: [sdb] Write Protect is off
[    3.205003] sd 2:0:1:0: [sdb] Incomplete mode parameter data
[    3.207107] sd 2:0:1:0: [sdb] Assuming drive cache: write through
[    3.209400]  sda: sda1
[    3.216194] sd 2:0:0:0: [sda] Attached SCSI disk
[    3.217848] sd 2:0:1:0: [sdb] Attached SCSI disk
Begin: Loading essential drivers ... [    3.560131] raid6: sse2x1   gen()  7783 MB/s
[    3.613409] raid6: sse2x1   xor()  3786 MB/s
[    3.664758] raid6: sse2x2   gen()  8301 MB/s
[    3.712570] raid6: sse2x2   xor()  6083 MB/s
[    3.760217] raid6: sse2x4   gen() 11091 MB/s
[    3.812942] raid6: sse2x4   xor()  6391 MB/s
[    3.860193] raid6: avx2x1   gen() 15239 MB/s
[    3.913434] raid6: avx2x1   xor() 10315 MB/s
[    3.964233] raid6: avx2x2   gen() 16586 MB/s
[    4.013224] raid6: avx2x2   xor()  9574 MB/s
[    4.064691] raid6: avx2x4   gen() 18446 MB/s
[    4.112747] raid6: avx2x4   xor() 11688 MB/s
[    4.116485] raid6: using algorithm avx2x4 gen() 18446 MB/s
[    4.118316] raid6: .... xor() 11688 MB/s, rmw enabled
[    4.119952] raid6: using avx2x2 recovery algorithm
[    4.123226] xor: automatically using best checksumming function   avx       
[    4.134102] async_tx: api initialized (async)
done.
Begin: Running /scripts/init-premount ... done.
Begin: Mounting root file system ... Begin: Running /scripts/local-top ... done.
Begin: Running /scripts/local-premount ... [    4.207953] Btrfs loaded, crc32c=crc32c-intel
Scanning for Btrfs filesystems
done.
Warning: fsck not present, so skipping root file system
[    4.293446] EXT4-fs (sda1): INFO: recovery required on readonly filesystem
[    4.299396] EXT4-fs (sda1): write access will be enabled during recovery
[    4.572124] EXT4-fs (sda1): recovery complete
[    4.584329] EXT4-fs (sda1): mounted filesystem with ordered data mode. Opts: (null)
done.
Begin: Running /scripts/local-bottom ... done.
Begin: Running /scripts/init-bottom ... done.
[    5.092537] ip_tables: (C) 2000-2006 Netfilter Core Team
[    5.115070] systemd[1]: systemd 237 running in system mode. (+PAM +AUDIT +SELINUX +IMA +APPARMOR +SMACK +SYSVINIT +UTMP +LIBCRYPTSETUP +GCRYPT +GNUTLS +ACL +XZ +LZ4 +SECCOMP +BLKID +ELFUTILS +KMOD -IDN2 +IDN -PCRE2 default-hierarchy=hybrid)
[    5.121757] systemd[1]: Detected virtualization oracle.
[    5.123752] systemd[1]: Detected architecture x86-64.

Welcome to [1mUbuntu 18.04.3 LTS[0m!

[    5.149483] systemd[1]: Set hostname to <ubuntu-bionic>.
[    6.140116] systemd[1]: Reached target Swap.
[[0;32m  OK  [0m] Reached target Swap.
[    6.142956] systemd[1]: Reached target User and Group Name Lookups.
[[0;32m  OK  [0m] Reached target User and Group Name Lookups.
[    6.159408] systemd[1]: Created slice User and Session Slice.
[[0;32m  OK  [0m] Created slice User and Session Slice.
[    6.168389] systemd[1]: Created slice System Slice.
[[0;32m  OK  [0m] Created slice System Slice.
[    6.171706] systemd[1]: Listening on udev Control Socket.
[[0;32m  OK  [0m] Listening on udev Control Socket.
[    6.174912] systemd[1]: Listening on udev Kernel Socket.
[[0;32m  OK  [0m] Listening on udev Kernel Socket.
[[0;32m  OK  [0m] Listening on /dev/initctl Compatibility Named Pipe.
[[0;32m  OK  [0m] Listening on Journal Audit Socket.
[[0;32m  OK  [0m] Listening on LVM2 metadata daemon socket.
[[0;32m  OK  [0m] Listening on Syslog Socket.
[[0;32m  OK  [0m] Listening on LVM2 poll daemon socket.
[[0;32m  OK  [0m] Listening on Device-mapper event daemon FIFOs.
[[0;32m  OK  [0m] Created slice system-serial\x2dgetty.slice.
[[0;32m  OK  [0m] Listening on Network Service Netlink Socket.
[[0;32m  OK  [0m] Started Forward Password Requests to Wall Directory Watch.
[[0;32m  OK  [0m] Listening on Journal Socket.
         Starting Uncomplicated firewall...
         Starting Load Kernel Modules...
         Mounting Huge Pages File System...
         Mounting POSIX Message Queue File System...
         Starting Set the console keyboard layout...
         Starting Remount Root and Kernel File Systems...
         Starting udev Coldplug all Devices...
         Starting Create list of required stâ€¦ce nodes for the current kernel...
         Starting Monitoring of LVM2 mirrorsâ€¦ng dmeventd or progress polling...
[[0;32m  OK  [0m] Reached target System Time Synchronized.
[    6.244352] Loading iSCSI transport class v2.0-870.
[[0;32m  OK  [0m] Reached target Slices.
         Mounting Kernel Debug File System...
[[0;32m  OK  [0m] Listening on Journal Socket (/dev/log).
         Starting Journal Service...
[[0;32m  OK  [0m] Set up automount Arbitrary Executabâ€¦rmats File System Automount Point.
[    6.331921] iscsi: registered transport (tcp)
[[0;32m  OK  [0m] Started Uncomplicated firewall.
[[0;32m  OK  [0m] Mounted Huge Pages File System.
[[0;32m  OK  [0m] Mounted POSIX Message Queue File System.
[[0;32m  OK  [0m] Started Create list of required staâ€¦vice nodes for the current kernel.
[    6.394406] EXT4-fs (sda1): re-mounted. Opts: (null)
[[0;32m  OK  [0m] Mounted Kernel Debug File System.
[[0;32m  OK  [0m] Started Remount Root and Kernel File Systems.
         Starting Load/Save Random Seed...
         Starting Create Static Device Nodes in /dev...
[[0;32m  OK  [0m] Started Journal Service.
[[0;32m  OK  [0m] Started udev Coldplug all Devices.
[[0;32m  OK  [0m] Started LVM2 metadata daemon.
         Starting Flush Journal to Persistent Storage...
[[0;32m  OK  [0m] Started Load/Save Random Seed.
[    6.539755] iscsi: registered transport (iser)
[[0;32m  OK  [0m] Started Load Kernel Modules.
         Starting Apply Kernel Variables...
         Mounting FUSE Control File System...
         Mounting Kernel Configuration File System...
[[0;32m  OK  [0m] Mounted FUSE Control File System.
[[0;32m  OK  [0m] Mounted Kernel Configuration File System.
[    6.570987] systemd-journald[436]: Received request to flush runtime journal from PID 1
[[0;32m  OK  [0m] Started Monitoring of LVM2 mirrors,â€¦sing dmeventd or progress polling.
[[0;32m  OK  [0m] Started Create Static Device Nodes in /dev.
         Starting udev Kernel Device Manager...
[[0;32m  OK  [0m] Started Apply Kernel Variables.
[[0;32m  OK  [0m] Started udev Kernel Device Manager.
[[0;32m  OK  [0m] Started Flush Journal to Persistent Storage.
[[0;32m  OK  [0m] Found device /dev/ttyS0.
[[0;32m  OK  [0m] Listening on Load/Save RF Kill Switch Status /dev/rfkill Watch.
[[0;32m  OK  [0m] Started Set the console keyboard layout.
[[0;32m  OK  [0m] Reached target Local File Systems (Pre).
         Mounting /vagrant...
[[0;32m  OK  [0m] Reached target Local File Systems.
         Starting Enable support for additional executable binary formats...
         Starting Set console font and keymap...
         Starting AppArmor initialization...
         Starting ebtables ruleset management...
         Starting QEMU KVM preparation - module, ksm, hugepages...
         Starting Create Volatile Files and Directories...
         Starting Tell Plymouth To Write Out Runtime Data...
[[0;32m  OK  [0m] Started Dispatch Password Requests to Console Directory Watch.
[[0;32m  OK  [0m] Reached target Local Encrypted Volumes.
[[0;32m  OK  [0m] Started Set console font and keymap.
         Mounting Arbitrary Executable File Formats File System...
[[0;32m  OK  [0m] Mounted /vagrant.
[[0;32m  OK  [0m] Started Tell Plymouth To Write Out Runtime Data.
[[0;32m  OK  [0m] Started Create Volatile Files and Directories.
         Starting Update UTMP about System Boot/Shutdown...
[[0;32m  OK  [0m] Mounted Arbitrary Executable File Formats File System.
[[0;32m  OK  [0m] Started Update UTMP about System Boot/Shutdown.
[[0;32m  OK  [0m] Started Enable support for additional executable binary formats.
[[0;32m  OK  [0m] Started QEMU KVM preparation - module, ksm, hugepages.
[[0;32m  OK  [0m] Started ebtables ruleset management.
[[0;32m  OK  [0m] Started AppArmor initialization.
         Starting Initial cloud-init job (pre-networking)...
[   12.443274] cloud-init[806]: Cloud-init v. 19.3-41-gc4735dd3-0ubuntu1~18.04.1 running 'init-local' at Wed, 16 Jun 2021 15:52:43 +0000. Up 11.92 seconds.
[[0;32m  OK  [0m] Started Initial cloud-init job (pre-networking).
[[0;32m  OK  [0m] Reached target Network (Pre).
         Starting Network Service...
[[0;32m  OK  [0m] Started Network Service.
         Starting Network Name Resolution...
         Starting Wait for Network to be Configured...
[[0;32m  OK  [0m] Started Network Name Resolution.
[[0;32m  OK  [0m] Reached target Network.
[[0;32m  OK  [0m] Reached target Host and Network Name Lookups.
[[0;32m  OK  [0m] Started Wait for Network to be Configured.
         Starting Initial cloud-init job (metadata service crawler)...
[   15.156781] cloud-init[908]: Cloud-init v. 19.3-41-gc4735dd3-0ubuntu1~18.04.1 running 'init' at Wed, 16 Jun 2021 15:52:46 +0000. Up 14.94 seconds.
[   15.172564] cloud-init[908]: ci-info: ++++++++++++++++++++++++++++++++++++++Net device info++++++++++++++++++++++++++++++++++++++
[   15.176504] cloud-init[908]: ci-info: +--------+------+----------------------------+---------------+--------+-------------------+
[   15.192502] cloud-init[908]: ci-info: | Device |  Up  |          Address           |      Mask     | Scope  |     Hw-Address    |
[   15.208662] cloud-init[908]: ci-info: +--------+------+----------------------------+---------------+--------+-------------------+
[   15.224253] cloud-init[908]: ci-info: | enp0s3 | True |         10.0.2.15          | 255.255.255.0 | global | 02:6d:68:ec:b8:1e |
[   15.228509] cloud-init[908]: ci-info: | enp0s3 | True | fe80::6d:68ff:feec:b81e/64 |       .       |  link  | 02:6d:68:ec:b8:1e |
[   15.234091] cloud-init[908]: ci-info: |   lo   | True |         127.0.0.1          |   255.0.0.0   |  host  |         .         |
[   15.237403] cloud-init[908]: ci-info: |   lo   | True |          ::1/128           |       .       |  host  |         .         |
[   15.241347] cloud-init[908]: ci-info: +--------+------+----------------------------+---------------+--------+-------------------+
[   15.245325] cloud-init[908]: ci-info: ++++++++++++++++++++++++++++Route IPv4 info+++++++++++++++++++++++++++++
[   15.251384] cloud-init[908]: ci-info: +-------+-------------+----------+-----------------+-----------+-------+
[   15.254959] cloud-init[908]: ci-info: | Route | Destination | Gateway  |     Genmask     | Interface | Flags |
[   15.258752] cloud-init[908]: ci-info: +-------+-------------+----------+-----------------+-----------+-------+
[   15.273084] cloud-init[908]: ci-info: |   0   |   0.0.0.0   | 10.0.2.2 |     0.0.0.0     |   enp0s3  |   UG  |
[   15.276523] cloud-init[908]: ci-info: |   1   |   10.0.2.0  | 0.0.0.0  |  255.255.255.0  |   enp0s3  |   U   |
[   15.292608] cloud-init[908]: ci-info: |   2   |   10.0.2.2  | 0.0.0.0  | 255.255.255.255 |   enp0s3  |   UH  |
[   15.301103] cloud-init[908]: ci-info: +-------+-------------+----------+-----------------+-----------+-------+
[   15.303896] cloud-init[908]: ci-info: +++++++++++++++++++Route IPv6 info+++++++++++++++++++
[   15.306701] cloud-init[908]: ci-info: +-------+-------------+---------+-----------+-------+
[   15.309421] cloud-init[908]: ci-info: | Route | Destination | Gateway | Interface | Flags |
[   15.312016] cloud-init[908]: ci-info: +-------+-------------+---------+-----------+-------+
[   15.316080] cloud-init[908]: ci-info: |   1   |  fe80::/64  |    ::   |   enp0s3  |   U   |
[   15.319561] cloud-init[908]: ci-info: |   3   |    local    |    ::   |   enp0s3  |   U   |
[   15.322257] cloud-init[908]: ci-info: |   4   |   ff00::/8  |    ::   |   enp0s3  |   U   |
[   15.324855] cloud-init[908]: ci-info: +-------+-------------+---------+-----------+-------+
[[0;32m  OK  [0m] Started Initial cloud-init job (metadata service crawler).
[[0;32m  OK  [0m] Reached target Network is Online.
         Starting Availability of block devices...
[[0;32m  OK  [0m] Reached target Remote File Systems (Pre).
[[0;32m  OK  [0m] Reached target Remote File Systems.
[[0;32m  OK  [0m] Reached target System Initialization.
[[0;32m  OK  [0m] Started Message of the Day.
[[0;32m  OK  [0m] Listening on UUID daemon activation socket.
[[0;32m  OK  [0m] Started ACPI Events Check.
[[0;32m  OK  [0m] Started Daily apt download activities.
[[0;32m  OK  [0m] Started Daily apt upgrade and clean activities.
[[0;32m  OK  [0m] Listening on D-Bus System Message Bus Socket.
         Starting Socket activation for snappy daemon.
         Starting LXD - unix socket.
[[0;32m  OK  [0m] Listening on ACPID Listen Socket.
[[0;32m  OK  [0m] Started Daily Cleanup of Temporary Directories.
[[0;32m  OK  [0m] Started Discard unused blocks once a week.
[[0;32m  OK  [0m] Reached target Timers.
[[0;32m  OK  [0m] Listening on Open-iSCSI iscsid Socket.
[[0;32m  OK  [0m] Reached target Paths.
[[0;32m  OK  [0m] Reached target Cloud-config availability.
[[0;32m  OK  [0m] Started Availability of block devices.
[[0;32m  OK  [0m] Listening on Socket activation for snappy daemon.
[[0;32m  OK  [0m] Listening on LXD - unix socket.
[[0;32m  OK  [0m] Reached target Sockets.
[[0;32m  OK  [0m] Reached target Basic System.
         Starting Permit User Sessions...
         Starting Discard unused blocks...
         Starting LSB: automatic crash report generation...
         Starting Login Service...
[[0;32m  OK  [0m] Started Regular background program processing daemon.
         Starting LXD - container startup/shutdown...
         Starting System Logging Service...
         Starting vboxadd.service...
         Starting OpenBSD Secure Shell server...
[[0;32m  OK  [0m] Started D-Bus System Message Bus.
[[0;32m  OK  [0m] Started Login Service.
[[0;32m  OK  [0m] Started Deferred execution scheduler.
[[0;32m  OK  [0m] Started Unattended Upgrades Shutdown.
[[0;32m  OK  [0m] Started irqbalance daemon.
         Starting Accounts Service...
         Starting LSB: Record successful boot for GRUB...
         Starting Dispatcher daemon for systemd-networkd...
[[0;32m  OK  [0m] Started FUSE filesystem for LXC.
         Starting Message of the Day...
         Starting Snappy daemon...
[[0;32m  OK  [0m] Started System Logging Service.
[[0;32m  OK  [0m] Started Permit User Sessions.
[[0;32m  OK  [0m] Started Discard unused blocks.
[[0;32m  OK  [0m] Started OpenBSD Secure Shell server.
         Starting Hold until boot process finishes up...
         Starting Terminate Plymouth Boot Screen...
[[0;32m  OK  [0m] Started Hold until boot process finishes up.
[[0;32m  OK  [0m] Started Terminate Plymouth Boot Screen.
[[0;32m  OK  [0m] Started Serial Getty on ttyS0.
         Starting Set console scheme...
         Starting Authorization Manager...
[[0;32m  OK  [0m] Started Set console scheme.
[[0;32m  OK  [0m] Created slice system-getty.slice.
[[0;32m  OK  [0m] Started Getty on tty1.
[[0;32m  OK  [0m] Reached target Login Prompts.
[[0;32m  OK  [0m] Started LSB: automatic crash report generation.
[[0;32m  OK  [0m] Started LSB: Record successful boot for GRUB.
[[0;32m  OK  [0m] Started Authorization Manager.
[[0;32m  OK  [0m] Started Accounts Service.
[[0;32m  OK  [0m] Started LXD - container startup/shutdown.
[[0;32m  OK  [0m] Created slice User Slice of vagrant.
         Starting User Manager for UID 1000...
[[0;32m  OK  [0m] Started Session 1 of user vagrant.
[[0;32m  OK  [0m] Started Snappy daemon.
         Starting Wait until snapd is fully seeded...
[[0;32m  OK  [0m] Started Dispatcher daemon for systemd-networkd.
[[0;32m  OK  [0m] Started Wait until snapd is fully seeded.
         Starting Apply the settings specified in cloud-config...
[[0;32m  OK  [0m] Started User Manager for UID 1000.
[   21.843735] cloud-init[1416]: Cloud-init v. 19.3-41-gc4735dd3-0ubuntu1~18.04.1 running 'modules:config' at Wed, 16 Jun 2021 15:52:52 +0000. Up 21.56 seconds.
[[0;32m  OK  [0m] Started Apply the settings specified in cloud-config.

Ubuntu 18.04.3 LTS ubuntu-bionic ttyS0

ubuntu-bionic login: [   27.302548] cloud-init[1713]: Cloud-init v. 19.3-41-gc4735dd3-0ubuntu1~18.04.1 running 'modules:final' at Wed, 16 Jun 2021 15:52:58 +0000. Up 26.97 seconds.
[   27.303556] cloud-init[1713]: Cloud-init v. 19.3-41-gc4735dd3-0ubuntu1~18.04.1 finished at Wed, 16 Jun 2021 15:52:58 +0000. Datasource DataSourceNoCloud [seed=/dev/sdb][dsmode=net].  Up 27.23 seconds
